2026-07-22 19:58:14,357 INFO 시작: 30개 | root=/atlantic_data/shj21/ABMIL | workers=4 | 로그=/atlantic_data/shj21/ABMIL/logs/download/download_20260722_195814.log
2026-07-22 19:58:14,684 WARNING RETRY 27121.svs (1/3) - 파일없음 wget rc=4
2026-07-22 19:58:19,811 WARNING RETRY 27121.svs (2/3) - 파일없음 wget rc=4
2026-07-22 19:58:29,943 WARNING RETRY 27121.svs (3/3) - 파일없음 wget rc=4
2026-07-22 19:58:44,052 INFO OK    27104.svs (542165427 bytes)
2026-07-22 19:58:44,946 ERROR FAIL  27121.svs - 파일없음 wget rc=4
2026-07-22 19:58:45,193 WARNING RETRY 27221.svs (1/3) - 파일없음 wget rc=4
2026-07-22 19:58:50,321 WARNING RETRY 27221.svs (2/3) - 파일없음 wget rc=4
2026-07-22 19:59:00,444 WARNING RETRY 27221.svs (3/3) - 파일없음 wget rc=4
2026-07-22 19:59:06,122 INFO OK    27108.svs (750786071 bytes)
2026-07-22 19:59:15,444 ERROR FAIL  27221.svs - 파일없음 wget rc=4
2026-07-22 19:59:15,677 WARNING RETRY 27225.svs (1/3) - 파일없음 wget rc=4
2026-07-22 19:59:16,772 INFO OK    27113.svs (590412575 bytes)
2026-07-22 19:59:20,796 WARNING RETRY 27225.svs (2/3) - 파일없음 wget rc=4
2026-07-22 19:59:30,918 WARNING RETRY 27225.svs (3/3) - 파일없음 wget rc=4
2026-07-22 19:59:42,407 INFO OK    27213.svs (623355269 bytes)
2026-07-22 19:59:45,918 ERROR FAIL  27225.svs - 파일없음 wget rc=4
2026-07-22 19:59:46,174 WARNING RETRY 28075.svs (1/3) - 파일없음 wget rc=4
2026-07-22 19:59:51,296 WARNING RETRY 28075.svs (2/3) - 파일없음 wget rc=4
2026-07-22 20:00:01,415 WARNING RETRY 28075.svs (3/3) - 파일없음 wget rc=4
2026-07-22 20:00:14,654 INFO OK    27217.svs (658484169 bytes)
2026-07-22 20:00:16,416 ERROR FAIL  28075.svs - 파일없음 wget rc=4
2026-07-22 20:00:16,983 WARNING RETRY 70386.svs (1/3) - 파일없음 wget rc=4
2026-07-22 20:00:22,128 WARNING RETRY 70386.svs (2/3) - 파일없음 wget rc=4
2026-07-22 20:00:32,251 WARNING RETRY 70386.svs (3/3) - 파일없음 wget rc=4
2026-07-22 20:00:47,252 ERROR FAIL  70386.svs - 파일없음 wget rc=4
2026-07-22 20:00:48,510 WARNING RETRY 28096.svs (1/3) - 파일없음 wget rc=4
2026-07-22 20:00:53,641 WARNING RETRY 28096.svs (2/3) - 파일없음 wget rc=4
2026-07-22 20:01:03,760 WARNING RETRY 28096.svs (3/3) - 파일없음 wget rc=4
2026-07-22 20:01:08,560 INFO OK    28071.svs (904507191 bytes)
2026-07-22 20:01:18,760 ERROR FAIL  28096.svs - 파일없음 wget rc=4
2026-07-22 20:01:19,036 WARNING RETRY 28110.svs (1/3) - 파일없음 wget rc=4
2026-07-22 20:01:24,164 WARNING RETRY 28110.svs (2/3) - 파일없음 wget rc=4
2026-07-22 20:01:24,705 INFO OK    28067.svs (767352575 bytes)
2026-07-22 20:01:34,300 WARNING RETRY 28110.svs (3/3) - 파일없음 wget rc=4
2026-07-22 20:01:42,395 INFO OK    28079.svs (953607965 bytes)
2026-07-22 20:01:49,300 ERROR FAIL  28110.svs - 파일없음 wget rc=4
2026-07-22 20:01:49,540 WARNING RETRY 70387.svs (1/3) - 파일없음 wget rc=4
2026-07-22 20:01:54,668 WARNING RETRY 70387.svs (2/3) - 파일없음 wget rc=4
2026-07-22 20:02:04,790 WARNING RETRY 70387.svs (3/3) - 파일없음 wget rc=4
2026-07-22 20:02:06,893 INFO OK    28125.svs (991615363 bytes)
2026-07-22 20:02:19,791 ERROR FAIL  70387.svs - 파일없음 wget rc=4
2026-07-22 20:02:20,040 WARNING RETRY 28146.svs (1/3) - 파일없음 wget rc=4
2026-07-22 20:02:22,768 INFO OK    28132.svs (934394771 bytes)
2026-07-22 20:02:25,204 WARNING RETRY 28146.svs (2/3) - 파일없음 wget rc=4
2026-07-22 20:02:34,535 INFO OK    28128.svs (1172543217 bytes)
2026-07-22 20:02:35,334 WARNING RETRY 28146.svs (3/3) - 파일없음 wget rc=4
2026-07-22 20:02:50,335 ERROR FAIL  28146.svs - 파일없음 wget rc=4
2026-07-22 20:02:50,336 INFO 진행 20/30 | 경과 4.6분
2026-07-22 20:02:50,584 WARNING RETRY 28174.svs (1/3) - 파일없음 wget rc=4
2026-07-22 20:02:55,711 WARNING RETRY 28174.svs (2/3) - 파일없음 wget rc=4
2026-07-22 20:03:05,832 WARNING RETRY 28174.svs (3/3) - 파일없음 wget rc=4
2026-07-22 20:03:17,800 INFO OK    28140.svs (1096675227 bytes)
2026-07-22 20:03:20,833 ERROR FAIL  28174.svs - 파일없음 wget rc=4
2026-07-22 20:03:21,087 WARNING RETRY 28178.svs (1/3) - 파일없음 wget rc=4
2026-07-22 20:03:26,207 WARNING RETRY 28178.svs (2/3) - 파일없음 wget rc=4
2026-07-22 20:03:36,343 WARNING RETRY 28178.svs (3/3) - 파일없음 wget rc=4
2026-07-22 20:03:41,551 INFO OK    28164.svs (861275475 bytes)
2026-07-22 20:03:45,220 INFO OK    28150.svs (980173311 bytes)
2026-07-22 20:03:51,343 ERROR FAIL  28178.svs - 파일없음 wget rc=4
2026-07-22 20:03:51,602 WARNING RETRY 25998.svs (1/3) - 파일없음 wget rc=4
2026-07-22 20:03:56,738 WARNING RETRY 25998.svs (2/3) - 파일없음 wget rc=4
2026-07-22 20:04:06,859 WARNING RETRY 25998.svs (3/3) - 파일없음 wget rc=4
2026-07-22 20:04:21,860 ERROR FAIL  25998.svs - 파일없음 wget rc=4
2026-07-22 20:04:22,091 WARNING RETRY 26001.svs (1/3) - 파일없음 wget rc=4
2026-07-22 20:04:25,182 INFO OK    28168.svs (843565735 bytes)
2026-07-22 20:04:48,585 INFO OK    28199.svs (1204055405 bytes)
2026-07-22 20:05:09,430 INFO OK    26001.svs (688092449 bytes, 원격크기 미확인)
2026-07-22 20:05:18,361 WARNING RETRY 28214.svs (1/3) - 크기불일치 local=962167104 remote=1103266845
