2026-07-22 20:05:46,097 INFO 시작: 30개 | root=/atlantic_data/shj21/ABMIL | workers=1 | 로그=/atlantic_data/shj21/ABMIL/logs/download/download_20260722_200546.log
2026-07-22 20:05:46,408 INFO SKIP  27108.svs (이미 완료, 750786071 bytes)
2026-07-22 20:05:46,817 INFO SKIP  27104.svs (이미 완료, 542165427 bytes)
2026-07-22 20:05:47,110 INFO SKIP  27113.svs (이미 완료, 590412575 bytes)
2026-07-22 20:06:33,648 INFO OK    27121.svs (578597895 bytes)
2026-07-22 20:06:33,955 INFO SKIP  27213.svs (이미 완료, 623355269 bytes)
2026-07-22 20:07:17,282 INFO OK    27221.svs (566727097 bytes)
2026-07-22 20:07:17,603 INFO SKIP  27217.svs (이미 완료, 658484169 bytes)
2026-07-22 20:07:57,639 INFO OK    27225.svs (618965695 bytes)
2026-07-22 20:07:57,957 INFO SKIP  28071.svs (이미 완료, 904507191 bytes)
2026-07-22 20:07:58,243 INFO SKIP  28067.svs (이미 완료, 767352575 bytes)
2026-07-22 20:08:20,647 INFO OK    28075.svs (844221467 bytes)
2026-07-22 20:08:21,011 INFO SKIP  28079.svs (이미 완료, 953607965 bytes)
2026-07-22 20:08:54,254 INFO OK    70386.svs (776835979 bytes)
2026-07-22 20:09:38,299 INFO OK    28096.svs (936865779 bytes)
2026-07-22 20:09:38,615 INFO SKIP  28125.svs (이미 완료, 991615363 bytes)
2026-07-22 20:10:08,244 INFO OK    28110.svs (901266137 bytes)
2026-07-22 20:10:08,564 INFO SKIP  28128.svs (이미 완료, 1172543217 bytes)
2026-07-22 20:10:08,851 INFO SKIP  28132.svs (이미 완료, 934394771 bytes)
2026-07-22 20:11:02,832 INFO OK    70387.svs (1021133741 bytes)
2026-07-22 20:11:03,167 INFO SKIP  28140.svs (이미 완료, 1096675227 bytes)
2026-07-22 20:11:03,168 INFO 진행 20/30 | 경과 5.3분
2026-07-22 20:11:43,729 INFO OK    28146.svs (1093168737 bytes)
2026-07-22 20:11:44,077 INFO SKIP  28150.svs (이미 완료, 980173311 bytes)
2026-07-22 20:11:44,368 INFO SKIP  28164.svs (이미 완료, 861275475 bytes)
2026-07-22 20:12:11,889 INFO OK    28174.svs (755153365 bytes)
2026-07-22 20:12:12,198 INFO SKIP  28168.svs (이미 완료, 843565735 bytes)
2026-07-22 20:12:36,029 INFO OK    28178.svs (703890329 bytes)
2026-07-22 20:12:40,254 INFO OK    28214.svs (1103266845 bytes)
2026-07-22 20:12:40,589 INFO SKIP  28199.svs (이미 완료, 1204055405 bytes)
2026-07-22 20:13:44,563 INFO OK    25998.svs (654813123 bytes)
2026-07-22 20:13:44,876 INFO SKIP  26001.svs (이미 완료, 688092449 bytes)
2026-07-22 20:13:44,877 INFO 진행 30/30 | 경과 8.0분
2026-07-22 20:13:44,878 INFO ============================================================
2026-07-22 20:13:44,879 INFO 완료: 성공 13 | 건너뜀 17 | 실패 0 | 총 30
2026-07-22 20:13:44,879 INFO 총 소요 8.0분
2026-07-22 20:13:44,880 INFO 실패 없음. 모든 파일 다운로드 완료.
