2026-07-22 20:17:39,164 INFO 시작: 30개 | root=/atlantic_data/shj21/ABMIL | workers=2 | 로그=/atlantic_data/shj21/ABMIL/logs/download/download_20260722_201739.log
2026-07-22 20:17:39,828 INFO OK    27108.svs (750786071 bytes)
2026-07-22 20:17:39,829 INFO OK    27104.svs (542165427 bytes)
2026-07-22 20:17:40,193 INFO OK    27113.svs (590412575 bytes)
2026-07-22 20:17:40,202 INFO OK    27121.svs (578597895 bytes)
2026-07-22 20:17:40,561 INFO OK    27213.svs (623355269 bytes)
2026-07-22 20:17:40,562 INFO OK    27221.svs (566727097 bytes)
2026-07-22 20:17:40,973 INFO OK    27217.svs (658484169 bytes)
2026-07-22 20:17:40,973 INFO OK    27225.svs (618965695 bytes)
2026-07-22 20:17:41,384 INFO OK    28071.svs (904507191 bytes)
2026-07-22 20:17:41,385 INFO OK    28067.svs (767352575 bytes)
2026-07-22 20:17:41,755 INFO OK    28079.svs (953607965 bytes)
2026-07-22 20:17:41,756 INFO OK    28075.svs (844221467 bytes)
2026-07-22 20:17:42,133 INFO OK    70386.svs (776835979 bytes)
2026-07-22 20:17:42,134 INFO OK    28096.svs (936865779 bytes)
2026-07-22 20:17:42,505 INFO OK    28110.svs (901266137 bytes)
2026-07-22 20:17:42,541 INFO OK    28125.svs (991615363 bytes)
2026-07-22 20:17:42,874 INFO OK    28128.svs (1172543217 bytes)
2026-07-22 20:17:42,912 INFO OK    28132.svs (934394771 bytes)
2026-07-22 20:17:43,292 INFO OK    28140.svs (1096675227 bytes)
2026-07-22 20:17:43,304 INFO OK    70387.svs (1021133741 bytes)
2026-07-22 20:17:43,305 INFO 진행 20/30 | 경과 0.1분
2026-07-22 20:17:43,660 INFO OK    28150.svs (980173311 bytes)
2026-07-22 20:17:43,663 INFO OK    28146.svs (1093168737 bytes)
2026-07-22 20:17:44,079 INFO OK    28164.svs (861275475 bytes)
2026-07-22 20:17:44,079 INFO OK    28174.svs (755153365 bytes)
2026-07-22 20:17:44,448 INFO OK    28178.svs (703890329 bytes)
2026-07-22 20:17:44,451 INFO OK    28168.svs (843565735 bytes)
2026-07-22 20:17:44,879 INFO OK    28199.svs (1204055405 bytes)
2026-07-22 20:17:44,880 INFO OK    28214.svs (1103266845 bytes)
2026-07-22 20:17:45,359 INFO OK    25998.svs (654813123 bytes)
2026-07-22 20:17:45,363 INFO OK    26001.svs (688092449 bytes)
2026-07-22 20:17:45,363 INFO 진행 30/30 | 경과 0.1분
2026-07-22 20:17:45,364 INFO ============================================================
2026-07-22 20:17:45,365 INFO 완료: 성공 30 | 실패 0 | 총 30
2026-07-22 20:17:45,366 INFO 총 소요 0.1분
2026-07-22 20:17:45,366 INFO 실패 없음. 모든 파일 다운로드 완료.
