run       : /atlantic_data/shj21/ABMIL/logs/ord_lr5e-4
device    : cuda:0
model     : ordinal  L=128  params=101,637
optim     : adam  lr=0.0005  weight_decay=0.0001
standardize: True
slides    : train 606 / val 212 / test 202
early stop: patience=20, min_delta=0.0

epoch   1  train loss 1.3299 acc 0.5677 auc 0.5889  |  val loss 1.3164 acc 0.5472 auc 0.6455  ← best
epoch   2  train loss 1.2084 acc 0.5644 auc 0.6063  |  val loss 1.3145 acc 0.5613 auc 0.6273  ← best
epoch   3  train loss 1.1679 acc 0.5561 auc 0.5948  |  val loss 1.4485 acc 0.6226 auc 0.6515  (1/20)
epoch   4  train loss 1.1191 acc 0.5858 auc 0.6457  |  val loss 1.4554 acc 0.5708 auc 0.6130  (2/20)
epoch   5  train loss 1.1218 acc 0.5809 auc 0.6375  |  val loss 1.4852 acc 0.5755 auc 0.6325  (3/20)
epoch   6  train loss 1.0853 acc 0.6122 auc 0.6447  |  val loss 1.5676 acc 0.5991 auc 0.6494  (4/20)
epoch   7  train loss 1.0757 acc 0.6139 auc 0.6592  |  val loss 1.4851 acc 0.6038 auc 0.6503  (5/20)
epoch   8  train loss 1.0599 acc 0.6056 auc 0.6384  |  val loss 1.5199 acc 0.6368 auc 0.6545  (6/20)
epoch   9  train loss 1.0116 acc 0.6139 auc 0.6774  |  val loss 1.6382 acc 0.5849 auc 0.6422  (7/20)
epoch  10  train loss 1.0154 acc 0.6205 auc 0.6602  |  val loss 1.6575 acc 0.5802 auc 0.6379  (8/20)
epoch  11  train loss 0.9836 acc 0.6386 auc 0.6856  |  val loss 1.8680 acc 0.5802 auc 0.6413  (9/20)
epoch  12  train loss 0.9583 acc 0.6419 auc 0.6949  |  val loss 1.7253 acc 0.6368 auc 0.6550  (10/20)
epoch  13  train loss 0.9613 acc 0.6403 auc 0.7057  |  val loss 1.7773 acc 0.5991 auc 0.6561  (11/20)
epoch  14  train loss 0.9387 acc 0.6617 auc 0.7209  |  val loss 1.7459 acc 0.5991 auc 0.6594  (12/20)
epoch  15  train loss 0.9299 acc 0.6700 auc 0.7321  |  val loss 1.7166 acc 0.5660 auc 0.6492  (13/20)
epoch  16  train loss 0.9133 acc 0.6848 auc 0.7486  |  val loss 1.9288 acc 0.5708 auc 0.6374  (14/20)
epoch  17  train loss 0.8711 acc 0.6848 auc 0.7654  |  val loss 1.8170 acc 0.6038 auc 0.6477  (15/20)
epoch  18  train loss 0.8342 acc 0.7129 auc 0.7930  |  val loss 1.9801 acc 0.5896 auc 0.6290  (16/20)
epoch  19  train loss 0.8215 acc 0.7211 auc 0.8044  |  val loss 1.9606 acc 0.5849 auc 0.6216  (17/20)
epoch  20  train loss 0.7672 acc 0.7360 auc 0.8260  |  val loss 2.1564 acc 0.6132 auc 0.6330  (18/20)
epoch  21  train loss 0.7502 acc 0.7558 auc 0.8449  |  val loss 2.1685 acc 0.5708 auc 0.6167  (19/20)
epoch  22  train loss 0.7044 acc 0.7706 auc 0.8594  |  val loss 2.1963 acc 0.5566 auc 0.6200  (20/20)

early stopping: val_loss가 20 epoch 동안 개선되지 않음

val_loss 기준 best epoch 2  loss 1.3145 acc 0.5613 auc 0.6273
val_auc  기준 best epoch 14  auc 0.6594  (best_auc.pt)
--skip-test 지정: test를 수행하지 않음

기록: /atlantic_data/shj21/ABMIL/logs/ord_lr5e-4/history.csv
      /atlantic_data/shj21/ABMIL/logs/ord_lr5e-4/summary.json
      /atlantic_data/shj21/ABMIL/logs/ord_lr5e-4/best.pt
