run       : /atlantic_data/shj21/ABMIL/logs/std_wd1e-2
device    : cuda:0
model     : attention  L=128  params=99,330
optim     : adam  lr=0.0005  weight_decay=0.01
standardize: True
slides    : train 606 / val 212 / test 202
early stop: patience=20, min_delta=0.0

epoch   1  train loss 0.7088 acc 0.5429 auc 0.5661  |  val loss 0.6613 acc 0.5943 auc 0.6229  ← best
epoch   2  train loss 0.6988 acc 0.5710 auc 0.5952  |  val loss 0.6678 acc 0.5613 auc 0.6205  (1/20)
epoch   3  train loss 0.6964 acc 0.5710 auc 0.5943  |  val loss 0.6766 acc 0.5896 auc 0.6087  (2/20)
epoch   4  train loss 0.6766 acc 0.5611 auc 0.6164  |  val loss 0.6911 acc 0.5849 auc 0.6032  (3/20)
epoch   5  train loss 0.6807 acc 0.5809 auc 0.6149  |  val loss 0.7010 acc 0.5613 auc 0.5875  (4/20)
epoch   6  train loss 0.6780 acc 0.5974 auc 0.6233  |  val loss 0.6950 acc 0.5472 auc 0.5785  (5/20)
epoch   7  train loss 0.6778 acc 0.6007 auc 0.6259  |  val loss 0.6729 acc 0.5943 auc 0.6226  (6/20)
epoch   8  train loss 0.6776 acc 0.5842 auc 0.6192  |  val loss 0.7175 acc 0.5755 auc 0.6250  (7/20)
epoch   9  train loss 0.6696 acc 0.6106 auc 0.6464  |  val loss 0.6794 acc 0.5472 auc 0.6177  (8/20)
epoch  10  train loss 0.6705 acc 0.5842 auc 0.6344  |  val loss 0.6951 acc 0.5802 auc 0.6231  (9/20)
epoch  11  train loss 0.6706 acc 0.6089 auc 0.6482  |  val loss 0.6879 acc 0.5566 auc 0.6080  (10/20)
epoch  12  train loss 0.6748 acc 0.5941 auc 0.6355  |  val loss 0.6960 acc 0.5755 auc 0.6313  (11/20)
epoch  13  train loss 0.6760 acc 0.5941 auc 0.6253  |  val loss 0.6897 acc 0.5708 auc 0.6226  (12/20)
epoch  14  train loss 0.6678 acc 0.5974 auc 0.6439  |  val loss 0.6995 acc 0.5849 auc 0.6109  (13/20)
epoch  15  train loss 0.6734 acc 0.6023 auc 0.6317  |  val loss 0.7123 acc 0.5519 auc 0.5867  (14/20)
epoch  16  train loss 0.6695 acc 0.6205 auc 0.6470  |  val loss 0.7129 acc 0.5660 auc 0.5970  (15/20)
epoch  17  train loss 0.6726 acc 0.5908 auc 0.6382  |  val loss 0.7201 acc 0.5708 auc 0.6145  (16/20)
epoch  18  train loss 0.6584 acc 0.6155 auc 0.6607  |  val loss 0.7296 acc 0.5660 auc 0.6070  (17/20)
epoch  19  train loss 0.6694 acc 0.6023 auc 0.6430  |  val loss 0.7281 acc 0.5660 auc 0.5965  (18/20)
epoch  20  train loss 0.6713 acc 0.6155 auc 0.6518  |  val loss 0.6999 acc 0.5613 auc 0.6144  (19/20)
epoch  21  train loss 0.6642 acc 0.6089 auc 0.6442  |  val loss 0.7123 acc 0.5660 auc 0.6229  (20/20)

early stopping: val_loss가 20 epoch 동안 개선되지 않음

val_loss 기준 best epoch 1  loss 0.6613 acc 0.5943 auc 0.6229
val_auc  기준 best epoch 12  auc 0.6313  (best_auc.pt)
--skip-test 지정: test를 수행하지 않음

기록: /atlantic_data/shj21/ABMIL/logs/std_wd1e-2/history.csv
      /atlantic_data/shj21/ABMIL/logs/std_wd1e-2/summary.json
      /atlantic_data/shj21/ABMIL/logs/std_wd1e-2/best.pt
